/home/lead/erdos-fc/m2/extra3/Erdos477.lean:50:8: warning: declaration uses `sorry`
/home/lead/erdos-fc/m2/extra3/Erdos477.lean:67:2: warning: `push_neg` has been deprecated. Prefer using `push Not` instead.
If you'd rather continue using `push_neg` in your project, you can implement it as follows:
```
open Lean.Parser.Tactic in
macro "push_neg" cfg:optConfig loc:(location)? : tactic =>
  `(tactic| push $cfg:optConfig Not $[$loc]?)
```
/home/lead/erdos-fc/m2/extra3/Erdos477.lean:131:2: warning: `push_neg` has been deprecated. Prefer using `push Not` instead.
If you'd rather continue using `push_neg` in your project, you can implement it as follows:
```
open Lean.Parser.Tactic in
macro "push_neg" cfg:optConfig loc:(location)? : tactic =>
  `(tactic| push $cfg:optConfig Not $[$loc]?)
```
/home/lead/erdos-fc/m2/extra3/Erdos477.lean:223:8: warning: declaration uses `sorry`
/home/lead/erdos-fc/m2/extra3/Erdos477.lean:235:8: warning: declaration uses `sorry`
'Erdos477.erdos_477.variants.S_sq' depends on axioms: [propext, Classical.choice, Quot.sound]
'Erdos477.erdos_477.variants.degree_two_dvd_condition_b_ne_zero' depends on axioms: [propext,
 Classical.choice,
 Quot.sound]
leancheck rc=0
