Star6Corollaries.lean:347:24: warning: This simp argument is unused:
  if_pos rfl

Hint: Omit it from the simp argument list.
  [apply] simp only [o, oriG]

Note: This linter can be disabled with `set_option linter.unusedSimpArgs false`
'Star6.plain_star6_cubic_bridgeless_le14' depends on axioms: [propext, Classical.choice, Quot.sound]
'Star6.plain_star6_subcubic_le7' depends on axioms: [propext, Classical.choice, Quot.sound]
'Star6.plain_ex1_10_14' depends on axioms: [propext, Classical.choice, Quot.sound]
'Star6.plain_star6_leaf_le14' depends on axioms: [propext, Classical.choice, Quot.sound]
'Star6.plain_schoenberger' depends on axioms: [propext, Classical.choice, Quot.sound]
'Star6.star6_cubic_bridgeless_le14' depends on axioms: [propext, Classical.choice, Quot.sound]
'Star6.star6_cubic_bridgeless_graph_le14' depends on axioms: [propext, Classical.choice, Quot.sound]
'Star6.matching_colour_class_10_14' depends on axioms: [propext, Classical.choice, Quot.sound]
'Star6.star6_leaf_le14' depends on axioms: [propext, Classical.choice, Quot.sound]
'Star6.star6_subcubic_le7' depends on axioms: [propext, Classical.choice, Quot.sound]
'Star6.bounded_reduction' depends on axioms: [propext, Classical.choice, Quot.sound]
'Star6.dms_of_hyp16_iid16' depends on axioms: [propext, Classical.choice, Quot.sound]
'Star6.counterexample_reduced16' depends on axioms: [propext, Classical.choice, Quot.sound]
'Star6.counterexample_cubic16' depends on axioms: [propext, Classical.choice, Quot.sound]
'Star6.smallest_not_ex1' depends on axioms: [propext, Classical.choice, Quot.sound]
'Star6.minimal_counterexample' depends on axioms: [propext, Classical.choice, Quot.sound]
'Star6.dms_of_H_II' depends on axioms: [propext, Classical.choice, Quot.sound]
'Star6.dms_of_H_IID'' depends on axioms: [propext, Classical.choice, Quot.sound]
'Star6.dms_of_I_II'' depends on axioms: [propext, Classical.choice, Quot.sound]
'Star6.ex1_of_H' depends on axioms: [propext, Classical.choice, Quot.sound]
'Star6.dms_of_HOLE' depends on axioms: [propext, Classical.choice, Quot.sound]
'Star6.dms_iff_plain' depends on axioms: [propext, Classical.choice, Quot.sound]
'Star6.chain_top' depends on axioms: [propext, Classical.choice, Quot.sound]
'Star6.schoenberger_in' depends on axioms: [propext, Classical.choice, Quot.sound]
'Star6.schoenberger_out' depends on axioms: [propext, Classical.choice, Quot.sound]
'Star6.petersen' depends on axioms: [propext, Classical.choice, Quot.sound]
'Star6.cubic_even' depends on axioms: [propext, Classical.choice, Quot.sound]
'RH2F.ex1red_step' depends on axioms: [propext, Classical.choice, Quot.sound]
'RH2F.ex1red_le' depends on axioms: [propext, Classical.choice, Quot.sound]
'RH2F.iic_le' depends on axioms: [propext, Classical.choice, Quot.sound]
'RH2F.dmsI_all_le' depends on axioms: [propext, Classical.choice, Quot.sound]
'RH2F.dms_le' depends on axioms: [propext, Classical.choice, Quot.sound]
rc=0
