Star6Simple.lean:26:8: warning: automatically included section variable(s) unused in theorem `_private.Star6Simple.0.Star6.edgeEn_loopless`:
  [Fintype V]
  [DecidableEq V]
  [DecidableRel G.Adj]
consider restructuring your `variable` declarations so that the variables are not in scope or explicitly omit them:
  omit [Fintype V] [DecidableEq V] [DecidableRel G.Adj] in theorem ...

Note: This linter can be disabled with `set_option linter.unusedSectionVars false`
Star6Simple.lean:54:8: warning: automatically included section variable(s) unused in theorem `_private.Star6Simple.0.Star6.edgeEn_conn_of_reachable`:
  [Fintype V]
  [DecidableEq V]
  [DecidableRel G.Adj]
consider restructuring your `variable` declarations so that the variables are not in scope or explicitly omit them:
  omit [Fintype V] [DecidableEq V] [DecidableRel G.Adj] in theorem ...

Note: This linter can be disabled with `set_option linter.unusedSectionVars false`
Star6Simple.lean:90:21: warning: try 'simp' instead of 'simpa'

Note: This linter can be disabled with `set_option linter.unnecessarySimpa false`
Star6Simple.lean:106:8: warning: automatically included section variable(s) unused in theorem `_private.Star6Simple.0.Star6.pmSubgraph_edge_iff`:
  [Fintype V]
  [DecidableEq V]
  [DecidableRel G.Adj]
consider restructuring your `variable` declarations so that the variables are not in scope or explicitly omit them:
  omit [Fintype V] [DecidableEq V] [DecidableRel G.Adj] in theorem ...

Note: This linter can be disabled with `set_option linter.unusedSectionVars false`
Star6Simple.lean:119:8: warning: automatically included section variable(s) unused in theorem `_private.Star6Simple.0.Star6.pmSubgraph_isPerfectMatching`:
  [Fintype V]
  [DecidableRel G.Adj]
consider restructuring your `variable` declarations so that the variables are not in scope or explicitly omit them:
  omit [Fintype V] [DecidableRel G.Adj] in theorem ...

Note: This linter can be disabled with `set_option linter.unusedSectionVars false`
Star6Simple.lean:144:2: warning: Try this: 
  letI̵

The goal is a proposition, so `let` is preferred over `letI`.
The difference between `let` and `letI` is that `letI` inlines the value.
But this is not relevant for proofs because of proof irrelevance.

Note: This linter can be disabled with `set_option linter.style.haveILetI false`
Star6Simple.lean:167:2: warning: Try this: 
  letI̵

The goal is a proposition, so `let` is preferred over `letI`.
The difference between `let` and `letI` is that `letI` inlines the value.
But this is not relevant for proofs because of proof irrelevance.

Note: This linter can be disabled with `set_option linter.style.haveILetI false`
Star6Simple.lean:176:2: warning: Try this: 
  letI̵

The goal is a proposition, so `let` is preferred over `letI`.
The difference between `let` and `letI` is that `letI` inlines the value.
But this is not relevant for proofs because of proof irrelevance.

Note: This linter can be disabled with `set_option linter.style.haveILetI false`
'Star6.simple_schoenberger' depends on axioms: [propext, Classical.choice, Quot.sound]
'Star6.simple_petersen_connected' depends on axioms: [propext, Classical.choice, Quot.sound]
'Star6.simple_star6_cubic_bridgeless_le14' depends on axioms: [propext, Classical.choice, Quot.sound]
'Star6.simple_star6_subcubic_le7' depends on axioms: [propext, Classical.choice, Quot.sound]
rc=0
