/home/lead/danus-projects/star6/lean433/pack3/src/MhFact_57ea4db232a2b7f5.lean:192:45: warning: This simp argument is unused:
  List.mem_singleton

Hint: Omit it from the simp argument list.
  [apply] simp only [List.nodup_cons, List.mem_cons, not_or, List.not_mem_nil, not_false_eq_true, List.nodup_nil,
    and_true] at hnd

Note: This linter can be disabled with `set_option linter.unusedSimpArgs false`
/home/lead/danus-projects/star6/lean433/pack3/src/MhFact_57ea4db232a2b7f5.lean:199:28: warning: This simp argument is unused:
  List.mem_singleton

Hint: Omit it from the simp argument list.
  [apply] simp only [List.mem_cons, List.not_mem_nil, or_false] at this

Note: This linter can be disabled with `set_option linter.unusedSimpArgs false`
/home/lead/danus-projects/star6/lean433/pack3/src/MhFact_57ea4db232a2b7f5.lean:659:69: warning: This simp argument is unused:
  beq_iff_eq

Hint: Omit it from the simp argument list.
  [apply] simp only [Bool.and_eq_true, Bool.or_eq_true, bne_iff_ne, ne_eq, Bool.not_eq_true',
    Bool.and_eq_false_imp] at hc

Note: This linter can be disabled with `set_option linter.unusedSimpArgs false`
/home/lead/danus-projects/star6/lean433/pack3/src/MhFact_57ea4db232a2b7f5.lean:697:36: warning: This simp argument is unused:
  List.mem_singleton

Hint: Omit it from the simp argument list.
  [apply] simp only [perms3, List.mem_cons, List.not_mem_nil, or_false] at ht

Note: This linter can be disabled with `set_option linter.unusedSimpArgs false`