/home/lead/danus-projects/star6/lean433/pack3/src/MhFact_2f482379fe24b1cb.lean:433:8: warning: `List.take_succ` has been deprecated: Use `List.take_add_one` instead
/home/lead/danus-projects/star6/lean433/pack3/src/MhFact_2f482379fe24b1cb.lean:438:30: warning: This simp argument is unused:
  List.filter_cons

Hint: Omit it from the simp argument list.
  [apply] simp [List.getElem?_eq_getElem hlt, h]

Note: This linter can be disabled with `set_option linter.unusedSimpArgs false`
/home/lead/danus-projects/star6/lean433/pack3/src/MhFact_2f482379fe24b1cb.lean:966:88: warning: Used `tac1 <;> tac2` where `(tac1; tac2)` would suffice

Note: This linter can be disabled with `set_option linter.unnecessarySeqFocus false`
/home/lead/danus-projects/star6/lean433/pack3/src/MhFact_2f482379fe24b1cb.lean:1040:39: warning: This simp argument is unused:
  h

Hint: Omit it from the simp argument list.
  [apply] simp

Note: This linter can be disabled with `set_option linter.unusedSimpArgs false`
/home/lead/danus-projects/star6/lean433/pack3/src/MhFact_2f482379fe24b1cb.lean:1067:63: warning: `Set.mem_setOf_eq` has been deprecated: Use `Set.mem_ofPred_eq` instead
/home/lead/danus-projects/star6/lean433/pack3/src/MhFact_2f482379fe24b1cb.lean:1108:45: warning: This simp argument is unused:
  List.mem_singleton

Hint: Omit it from the simp argument list.
  [apply] simp only [List.nodup_cons, List.mem_cons, not_or, List.not_mem_nil, not_false_eq_true, List.nodup_nil,
    and_true] at hnd

Note: This linter can be disabled with `set_option linter.unusedSimpArgs false`
/home/lead/danus-projects/star6/lean433/pack3/src/MhFact_2f482379fe24b1cb.lean:1126:30: warning: This simp argument is unused:
  List.mem_singleton

Hint: Omit it from the simp argument list.
  [apply] simp only [List.mem_cons, List.not_mem_nil, or_false] at hx

Note: This linter can be disabled with `set_option linter.unusedSimpArgs false`
/home/lead/danus-projects/star6/lean433/pack3/src/MhFact_2f482379fe24b1cb.lean:1232:47: warning: `List.take_succ` has been deprecated: Use `List.take_add_one` instead
/home/lead/danus-projects/star6/lean433/pack3/src/MhFact_2f482379fe24b1cb.lean:1302:30: warning: This simp argument is unused:
  beq_iff_eq

Hint: Omit it from the simp argument list.
  [apply] simp only [Bool.or_eq_true] at h1

Note: This linter can be disabled with `set_option linter.unusedSimpArgs false`