1 p 4 extra 1 ns 12 23 FOUND 0.1
1 written; small n without colouring: [3]
8 p 4 extra 1 ns 25 43 none 0.3
8 p 5 extra 1 ns 27 49 none 0.9
8 p 3 extra 1 ns 23 38 none 1.1
8 p 6 extra 1 ns 29 53 none 2.3
8 p 7 extra 1 ns 31 62 none 3.8
8 p 8 extra 1 ns 33 63 none 4.6
8 p 2 extra 1 ns 21 33 none 4.8
8 p 9 extra 1 ns 35 71 FOUND 6.4
8 written; small n without colouring: []
9 p 4 extra 1 ns 27 47 none 0.4
9 p 5 extra 1 ns 29 54 none 1.1
9 p 3 extra 1 ns 25 41 none 1.4
9 p 6 extra 1 ns 31 59 none 2.2
9 p 7 extra 1 ns 33 62 none 3.9
9 p 8 extra 1 ns 35 71 none 6.0
9 p 2 extra 1 ns 23 37 none 6.3
9 p 9 extra 1 ns 37 71 none 7.3
9 p 10 extra 1 ns 39 79 FOUND 9.3
9 written; small n without colouring: []
10 p 4 extra 1 ns 29 51 none 0.5
10 p 5 extra 1 ns 31 54 none 1.1
10 p 3 extra 1 ns 27 44 none 1.4
10 p 6 extra 1 ns 33 59 none 2.2
10 p 7 extra 1 ns 35 69 none 3.9
10 p 8 extra 1 ns 37 71 none 6.5
10 p 2 extra 1 ns 25 39 none 6.7
10 p 9 extra 1 ns 39 80 none 9.4
10 p 10 extra 1 ns 41 79 none 10.7
10 p 1 extra 1 ns 23 34 none 10.8
10 p 4 extra 0 ns 25 47 none 11.3
10 p 5 extra 0 ns 26 49 none 11.8
10 p 3 extra 0 ns 24 41 none 12.1
10 p 6 extra 0 ns 27 53 none 12.7
10 p 7 extra 0 ns 28 62 none 13.6
10 p 8 extra 0 ns 29 63 none 14.4
10 p 2 extra 0 ns 23 37 none 14.7
10 p 9 extra 0 ns 30 71 none 15.8
10 p 10 extra 0 ns 31 69 none 16.9
10 p 1 extra 0 ns 22 33 none 17.0
10 p 4 extra 2 ns 33 55 none 17.6
10 p 5 extra 2 ns 36 59 none 18.2
10 p 3 extra 2 ns 30 47 none 18.6
10 p 6 extra 2 ns 39 65 FOUND 19.5
10 written; small n without colouring: []
11 p 4 extra 1 ns 31 55 none 0.6
11 p 5 extra 1 ns 33 59 none 1.2
11 p 3 extra 1 ns 29 47 none 1.6
11 p 6 extra 1 ns 35 65 none 2.5
11 p 7 extra 1 ns 37 69 none 3.6
11 p 8 extra 1 ns 39 79 none 7.9
11 p 2 extra 1 ns 27 43 none 8.2
11 p 9 extra 1 ns 41 80 none 11.8
11 p 10 extra 1 ns 43 89 none 15.1
11 p 1 extra 1 ns 25 37 none 15.3
11 p 4 extra 0 ns 27 51 none 15.9
11 p 5 extra 0 ns 28 54 none 16.5
11 p 3 extra 0 ns 26 44 none 16.9
11 p 6 extra 0 ns 29 59 none 17.6
11 p 7 extra 0 ns 30 62 none 18.4
11 p 8 extra 0 ns 31 71 none 19.5
11 p 2 extra 0 ns 25 41 none 19.8
11 p 9 extra 0 ns 32 71 none 21.0
11 p 10 extra 0 ns 33 79 none 22.4
11 p 1 extra 0 ns 24 36 none 22.6
11 p 4 extra 2 ns 35 59 none 23.3
11 p 5 extra 2 ns 38 64 none 24.7
11 p 3 extra 2 ns 32 50 none 25.2
11 p 6 extra 2 ns 41 71 none 27.1
11 p 7 extra 2 ns 44 76 none 30.5
11 p 8 extra 2 ns 47 87 FOUND 32.4
11 written; small n without colouring: []
12 p 4 extra 1 ns 33 55 none 0.5
12 p 5 extra 1 ns 35 64 none 1.3
12 p 3 extra 1 ns 31 50 none 1.7
12 p 6 extra 1 ns 37 65 none 2.5
12 p 7 extra 1 ns 39 76 none 3.7
12 p 8 extra 1 ns 41 79 none 5.1
12 p 2 extra 1 ns 29 45 none 5.4
12 p 9 extra 1 ns 43 80 none 8.5
12 p 10 extra 1 ns 45 89 none 12.9
12 p 1 extra 1 ns 27 40 none 13.2
12 p 4 extra 0 ns 29 51 none 13.6
12 p 5 extra 0 ns 30 59 none 14.3
12 p 3 extra 0 ns 28 47 none 14.7
12 p 6 extra 0 ns 31 59 none 15.4
12 p 7 extra 0 ns 32 69 none 16.4
12 p 8 extra 0 ns 33 71 none 17.4
12 p 2 extra 0 ns 27 43 none 17.7
12 p 9 extra 0 ns 34 71 none 18.8
12 p 10 extra 0 ns 35 79 none 20.1
12 p 1 extra 0 ns 26 39 none 20.3
12 p 4 extra 2 ns 37 59 none 20.9
12 p 5 extra 2 ns 40 69 none 22.3
12 p 3 extra 2 ns 34 53 none 22.8
12 p 6 extra 2 ns 43 71 none 23.6
12 p 7 extra 2 ns 46 83 none 28.1
12 p 8 extra 2 ns 49 87 none 29.7
12 p 2 extra 2 ns 31 47 none 30.0
12 p 9 extra 2 ns 52 89 FOUND 31.8
12 written; small n without colouring: []
