13 p 4 extra 1 ns 35 59 none 0.6
13 p 5 extra 1 ns 37 64 none 1.4
13 p 3 extra 1 ns 33 53 none 1.8
13 p 6 extra 1 ns 39 71 none 2.8
13 p 7 extra 1 ns 41 76 none 4.1
13 p 8 extra 1 ns 43 79 none 5.4
13 p 2 extra 1 ns 31 49 none 5.8
13 p 9 extra 1 ns 45 89 none 8.4
13 p 10 extra 1 ns 47 89 none 12.7
13 p 1 extra 1 ns 29 43 none 13.0
13 p 4 extra 0 ns 31 55 none 13.5
13 p 5 extra 0 ns 32 59 none 14.2
13 p 3 extra 0 ns 30 50 none 14.7
13 p 6 extra 0 ns 33 65 none 15.5
13 p 7 extra 0 ns 34 69 none 16.5
13 p 8 extra 0 ns 35 71 none 17.5
13 p 2 extra 0 ns 29 47 none 17.9
13 p 9 extra 0 ns 36 80 none 19.3
13 p 10 extra 0 ns 37 79 none 20.6
13 p 1 extra 0 ns 28 42 none 20.9
13 p 4 extra 2 ns 39 63 none 21.6
13 p 5 extra 2 ns 42 69 none 22.5
13 p 3 extra 2 ns 36 56 none 23.0
13 p 6 extra 2 ns 45 77 none 25.0
13 p 7 extra 2 ns 48 83 none 27.7
13 p 8 extra 2 ns 51 87 FOUND 29.3
13 written; small n without colouring: []
14 p 4 extra 1 ns 37 63 none 0.7
14 p 5 extra 1 ns 39 69 none 1.6
14 p 3 extra 1 ns 35 56 none 2.1
14 p 6 extra 1 ns 41 71 none 3.0
14 p 7 extra 1 ns 43 76 none 4.1
14 p 8 extra 1 ns 45 87 none 5.7
14 p 2 extra 1 ns 33 51 none 6.1
14 p 9 extra 1 ns 47 89 none 7.8
14 p 10 extra 1 ns 49 99 none 12.0
14 p 1 extra 1 ns 31 46 none 12.3
14 p 4 extra 0 ns 33 59 none 12.9
14 p 5 extra 0 ns 34 64 none 13.7
14 p 3 extra 0 ns 32 53 none 14.2
14 p 6 extra 0 ns 35 65 none 15.0
14 p 7 extra 0 ns 36 69 none 16.0
14 p 8 extra 0 ns 37 79 none 17.2
14 p 2 extra 0 ns 31 49 none 17.6
14 p 9 extra 0 ns 38 80 none 19.0
14 p 10 extra 0 ns 39 89 none 20.7
14 p 1 extra 0 ns 30 45 none 21.0
14 p 4 extra 2 ns 41 67 none 21.8
14 p 5 extra 2 ns 44 74 none 22.8
14 p 3 extra 2 ns 38 59 none 23.4
14 p 6 extra 2 ns 47 77 none 25.2
14 p 7 extra 2 ns 50 83 none 26.4
14 p 8 extra 2 ns 53 95 none 32.0
14 p 2 extra 2 ns 35 53 none 32.5
14 p 9 extra 2 ns 56 98 none 37.9
14 p 10 extra 2 ns 59 109 FOUND 40.8
14 written; small n without colouring: []
15 p 4 extra 1 ns 39 67 none 0.8
15 p 5 extra 1 ns 41 69 none 1.7
15 p 3 extra 1 ns 37 59 none 2.3
15 p 6 extra 1 ns 43 77 none 3.4
15 p 7 extra 1 ns 45 83 none 4.8
15 p 8 extra 1 ns 47 87 none 6.4
15 p 2 extra 1 ns 35 55 none 6.9
15 p 9 extra 1 ns 49 89 none 8.5
15 p 10 extra 1 ns 51 99 none 10.7
15 p 1 extra 1 ns 33 49 none 11.0
15 p 4 extra 0 ns 35 63 none 11.8
15 p 5 extra 0 ns 36 64 none 12.6
15 p 3 extra 0 ns 34 56 none 13.1
15 p 6 extra 0 ns 37 71 none 14.1
15 p 7 extra 0 ns 38 76 none 15.3
15 p 8 extra 0 ns 39 79 none 16.6
15 p 2 extra 0 ns 33 53 none 17.1
15 p 9 extra 0 ns 40 80 none 18.4
15 p 10 extra 0 ns 41 89 none 20.1
15 p 1 extra 0 ns 32 48 none 20.4
15 p 4 extra 2 ns 43 71 none 21.3
15 p 5 extra 2 ns 46 74 none 22.3
15 p 3 extra 2 ns 40 62 none 22.9
15 p 6 extra 2 ns 49 83 none 24.2
15 p 7 extra 2 ns 52 90 none 27.3
15 p 8 extra 2 ns 55 95 FOUND 29.2
15 written; small n without colouring: []
16 p 4 extra 1 ns 41 67 none 0.8
16 p 5 extra 1 ns 43 74 none 1.8
16 p 3 extra 1 ns 39 62 none 2.4
16 p 6 extra 1 ns 45 77 none 3.5
16 p 7 extra 1 ns 47 83 none 4.8
16 p 8 extra 1 ns 49 87 none 6.2
16 p 2 extra 1 ns 37 57 none 6.8
16 p 9 extra 1 ns 51 98 none 8.9
16 p 10 extra 1 ns 53 99 none 11.0
16 p 1 extra 1 ns 35 52 none 11.4
16 p 4 extra 0 ns 37 63 none 12.2
16 p 5 extra 0 ns 38 69 none 13.1
16 p 3 extra 0 ns 36 59 none 13.7
16 p 6 extra 0 ns 39 71 none 14.6
16 p 7 extra 0 ns 40 76 none 15.8
16 p 8 extra 0 ns 41 79 none 17.1
16 p 2 extra 0 ns 35 55 none 17.5
16 p 9 extra 0 ns 42 89 none 19.2
16 p 10 extra 0 ns 43 89 none 20.8
16 p 1 extra 0 ns 34 51 none 21.2
16 p 4 extra 2 ns 45 71 none 22.0
16 p 5 extra 2 ns 48 79 none 23.1
16 p 3 extra 2 ns 42 65 none 23.8
16 p 6 extra 2 ns 51 83 none 25.1
16 p 7 extra 2 ns 54 90 none 28.3
16 p 8 extra 2 ns 57 95 none 29.9
16 p 2 extra 2 ns 39 59 none 30.4
16 p 9 extra 2 ns 60 107 none 37.5
16 p 10 extra 2 ns 63 109 none 47.3
16 p 1 extra 2 ns 36 53 none 47.7
16 NOTHING FOUND
